◇ injected env (9) from ..\.env // tip: ⌘ override existing { override: true }
◇ injected env (0) from .env // tip: ⌘ custom filepath { path: '/custom/path/.env' }
✅ Servidor rodando na porta 3001
Banco conectado!
node:events:486
      throw er; // Unhandled 'error' event
      ^

error: terminating connection due to administrator command
    at parseErrorMessage (C:\Projects\MyMemo\Backend\node_modules\pg-protocol\dist\parser.js:305:11)
    at Parser.handlePacket (C:\Projects\MyMemo\Backend\node_modules\pg-protocol\dist\parser.js:143:27)
    at Parser.parse (C:\Projects\MyMemo\Backend\node_modules\pg-protocol\dist\parser.js:37:38)
    at Socket.<anonymous> (C:\Projects\MyMemo\Backend\node_modules\pg-protocol\dist\index.js:11:42)
    at Socket.emit (node:events:508:28)
    at addChunk (node:internal/streams/readable:559:12)
    at readableAddChunkPushByteMode (node:internal/streams/readable:510:3)
    at Readable.push (node:internal/streams/readable:390:5)
    at TCP.onStreamRead (node:internal/stream_base_commons:189:23)
Emitted 'error' event on Client instance at:
    at Client._handleErrorEvent (C:\Projects\MyMemo\Backend\node_modules\pg\lib\client.js:411:10)
    at Client._handleErrorMessage (C:\Projects\MyMemo\Backend\node_modules\pg\lib\client.js:422:12)
    at Connection.emit (node:events:508:28)
    at C:\Projects\MyMemo\Backend\node_modules\pg\lib\connection.js:115:12
    at Parser.parse (C:\Projects\MyMemo\Backend\node_modules\pg-protocol\dist\parser.js:38:17)
    at Socket.<anonymous> (C:\Projects\MyMemo\Backend\node_modules\pg-protocol\dist\index.js:11:42)
    at Socket.emit (node:events:508:28)
    at addChunk (node:internal/streams/readable:559:12)
    at readableAddChunkPushByteMode (node:internal/streams/readable:510:3)
    at Readable.push (node:internal/streams/readable:390:5) {
  length: 116,
  severity: 'FATAL',
  code: '57P01',
  detail: undefined,
  hint: undefined,
  position: undefined,
  internalPosition: undefined,
  internalQuery: undefined,
  where: undefined,
  schema: undefined,
  table: undefined,
  column: undefined,
  dataType: undefined,
  constraint: undefined,
  file: 'postgres.c',
  line: '3197',
  routine: 'ProcessInterrupts'
}

Node.js v24.11.1
